\BOOKMARK [1][-]{section.1}{\376\377\137\025\212\000}{}% 1
\BOOKMARK [1][-]{section.2}{\376\377\133\236\232\214\145\271\154\325}{}% 2
\BOOKMARK [2][-]{subsection.2.1}{\376\377\145\160\143\156\226\306}{section.2}% 3
\BOOKMARK [2][-]{subsection.2.2}{\376\377\152\041\127\213\147\266\147\204}{section.2}% 4
\BOOKMARK [3][-]{subsubsection.2.2.1}{\376\377\176\257\000C\000N\000N\152\041\127\213\377\010\000P\000u\000r\000e\000\040\000C\000N\000N\377\011}{subsection.2.2}% 5
\BOOKMARK [3][-]{subsubsection.2.2.2}{\376\377\176\257\000V\000i\000T\152\041\127\213\377\010\000P\000u\000r\000e\000\040\000V\000i\000s\000i\000o\000n\000\040\000T\000r\000a\000n\000s\000f\000o\000r\000m\000e\000r\377\011}{subsection.2.2}% 6
\BOOKMARK [3][-]{subsubsection.2.2.3}{\376\377\155\367\124\010\152\041\127\213\377\010\000C\000N\000N\000\040\000+\000\040\000T\000r\000a\000n\000s\000f\000o\000r\000m\000e\000r\000\040\000H\000y\000b\000r\000i\000d\377\011}{subsection.2.2}% 7
\BOOKMARK [2][-]{subsection.2.3}{\376\377\213\255\176\303\173\126\165\145}{section.2}% 8
\BOOKMARK [2][-]{subsection.2.4}{\376\377\213\304\117\060\143\007\150\007}{section.2}% 9
\BOOKMARK [1][-]{section.3}{\376\377\133\236\232\214\176\323\147\234}{}% 10
\BOOKMARK [2][-]{subsection.3.1}{\376\377\145\164\117\123\140\047\200\375\133\371\153\324}{section.3}% 11
\BOOKMARK [2][-]{subsection.3.2}{\376\377\124\004\174\173\122\053\140\047\200\375\122\006\147\220}{section.3}% 12
\BOOKMARK [2][-]{subsection.3.3}{\376\377\155\367\155\306\167\351\226\065\122\006\147\220}{section.3}% 13
\BOOKMARK [2][-]{subsection.3.4}{\376\377\213\255\176\303\217\307\172\013\123\357\211\306\123\026}{section.3}% 14
\BOOKMARK [1][-]{section.4}{\376\377\213\250\213\272}{}% 15
\BOOKMARK [2][-]{subsection.4.1}{\376\377\147\266\147\204\117\030\122\277\133\371\153\324\122\006\147\220}{section.4}% 16
\BOOKMARK [3][-]{subsubsection.4.1.1}{\376\377\000P\000u\000r\000e\000\040\000C\000N\000N\152\041\127\213\166\204\117\030\122\277\116\016\134\100\226\120}{subsection.4.1}% 17
\BOOKMARK [3][-]{subsubsection.4.1.2}{\376\377\000P\000u\000r\000e\000\040\000V\000i\000T\152\041\127\213\166\204\117\030\122\277\116\016\134\100\226\120}{subsection.4.1}% 18
\BOOKMARK [3][-]{subsubsection.4.1.3}{\376\377\155\367\124\010\152\041\127\213\166\204\213\276\213\241\124\362\133\146\116\016\117\030\122\277}{subsection.4.1}% 19
\BOOKMARK [2][-]{subsection.4.2}{\376\377\116\016\145\076\134\004\171\321\123\073\165\037\213\312\145\255\155\101\172\013\166\204\133\371\136\224\121\163\174\373}{section.4}% 20
\BOOKMARK [2][-]{subsection.4.3}{\376\377\147\052\147\145\145\071\217\333\145\271\124\021}{section.4}% 21
\BOOKMARK [2][-]{subsection.4.4}{\376\377\116\064\136\212\136\224\165\050\122\115\146\157}{section.4}% 22
\BOOKMARK [1][-]{section.5}{\376\377\176\323\213\272}{}% 23
